[2026-09-30T20:26:32.121Z] GET http://localhost:8321/?v=2 → 200 (5ms, ?B)
[2026-09-30T20:26:32.144Z] GET https://fonts.googleapis.com/css2?family=Fraunces:ital,opsz,wght,SOFT@0,9..144,300..700,0..100;1,9..144,300..700,0..100&family=Manrope:wght@400..800&display=swap → pending (?ms, ?B)
[2026-09-30T20:26:32.144Z] GET http://localhost:8321/styles.css → pending (?ms, ?B)
[2026-09-30T20:26:32.144Z] GET http://localhost:8321/data.js → pending (?ms, ?B)
[2026-09-30T20:26:32.144Z] GET http://localhost:8321/notify.js → pending (?ms, ?B)
[2026-09-30T20:26:32.144Z] GET http://localhost:8321/app.js → pending (?ms, ?B)
[2026-09-30T20:26:32.503Z] GET https://fonts.gstatic.com/s/fraunces/v38/6NUG8FyLNQOQZAnv9ZwNjucMAkn8xNi7emAe9nimTfdtuFo2.woff2 → pending (?ms, ?B)
[2026-09-30T20:26:32.503Z] GET https://fonts.gstatic.com/s/fraunces/v38/6NUI8FyLNQOQZAnv9bYEvCeYdG9Ea92uemAO8UikR_BPug.woff2 → pending (?ms, ?B)
[2026-09-30T20:26:32.503Z] GET https://fonts.gstatic.com/s/manrope/v20/xn7gYHE41ni1AdIRggexSvfedN4.woff2 → pending (?ms, ?B)
[2026-09-30T20:26:32.684Z] GET http://localhost:8321/?v=2 → 200 (6ms, -187B)
[2026-09-30T20:26:32.695Z] GET https://fonts.googleapis.com/css2?family=Fraunces:ital,opsz,wght,SOFT@0,9..144,300..700,0..100;1,9..144,300..700,0..100&family=Manrope:wght@400..800&display=swap → 200 (78ms, -743B)
[2026-09-30T20:26:32.699Z] GET http://localhost:8321/styles.css → 200 (2ms, -187B)
[2026-09-30T20:26:32.699Z] GET http://localhost:8321/data.js → 200 (3ms, -194B)
[2026-09-30T20:26:32.699Z] GET http://localhost:8321/notify.js → 200 (3ms, -193B)
[2026-09-30T20:26:32.699Z] GET http://localhost:8321/app.js → 200 (13ms, -194B)
[2026-09-30T20:26:32.780Z] GET https://fonts.gstatic.com/s/fraunces/v38/6NUG8FyLNQOQZAnv9ZwNjucMAkn8xNi7emAe9nimTfdtuFo2.woff2 → 200 (215ms, -811B)
[2026-09-30T20:26:32.780Z] GET https://fonts.gstatic.com/s/fraunces/v38/6NUI8FyLNQOQZAnv9bYEvCeYdG9Ea92uemAO8UikR_BPug.woff2 → 200 (235ms, -811B)
[2026-09-30T20:26:32.780Z] GET https://fonts.gstatic.com/s/manrope/v20/xn7gYHE41ni1AdIRggexSvfedN4.woff2 → 200 (247ms, -815B)
[2026-09-30T20:26:59.436Z] GET http://localhost:8321/?v=3 → 200 (9ms, -187B)
[2026-09-30T20:26:59.448Z] GET https://fonts.googleapis.com/css2?family=Fraunces:ital,opsz,wght,SOFT@0,9..144,300..700,0..100;1,9..144,300..700,0..100&family=Manrope:wght@400..800&display=swap → 200 (?ms, -743B)
[2026-09-30T20:26:59.448Z] GET http://localhost:8321/styles.css → 200 (4ms, -187B)
[2026-09-30T20:26:59.448Z] GET http://localhost:8321/data.js → 200 (?ms, -194B)
[2026-09-30T20:26:59.449Z] GET http://localhost:8321/notify.js → 200 (?ms, -193B)
[2026-09-30T20:26:59.449Z] GET http://localhost:8321/app.js → 200 (18ms, -194B)
[2026-09-30T20:26:59.461Z] GET https://fonts.gstatic.com/s/fraunces/v38/6NUG8FyLNQOQZAnv9ZwNjucMAkn8xNi7emAe9nimTfdtuFo2.woff2 → 200 (?ms, -811B)
[2026-09-30T20:26:59.461Z] GET https://fonts.gstatic.com/s/fraunces/v38/6NUI8FyLNQOQZAnv9bYEvCeYdG9Ea92uemAO8UikR_BPug.woff2 → 200 (3ms, -811B)
[2026-09-30T20:26:59.465Z] GET https://fonts.gstatic.com/s/manrope/v20/xn7gYHE41ni1AdIRggexSvfedN4.woff2 → 200 (?ms, -815B)
[2026-09-30T20:27:23.260Z] GET http://localhost:8321/?v=4 → 200 (9ms, -187B)
[2026-09-30T20:27:23.277Z] GET https://fonts.googleapis.com/css2?family=Fraunces:ital,opsz,wght,SOFT@0,9..144,300..700,0..100;1,9..144,300..700,0..100&family=Manrope:wght@400..800&display=swap → 200 (?ms, -743B)
[2026-09-30T20:27:23.279Z] GET http://localhost:8321/styles.css → 200 (4ms, -187B)
[2026-09-30T20:27:23.279Z] GET http://localhost:8321/data.js → 200 (?ms, -194B)
[2026-09-30T20:27:23.279Z] GET http://localhost:8321/notify.js → 200 (12ms, -193B)
[2026-09-30T20:27:23.279Z] GET http://localhost:8321/app.js → 200 (9ms, -194B)
[2026-09-30T20:27:23.285Z] GET https://fonts.gstatic.com/s/fraunces/v38/6NUG8FyLNQOQZAnv9ZwNjucMAkn8xNi7emAe9nimTfdtuFo2.woff2 → 200 (?ms, -811B)
[2026-09-30T20:27:23.285Z] GET https://fonts.gstatic.com/s/fraunces/v38/6NUI8FyLNQOQZAnv9bYEvCeYdG9Ea92uemAO8UikR_BPug.woff2 → 200 (?ms, -811B)
[2026-09-30T20:27:23.287Z] GET https://fonts.gstatic.com/s/manrope/v20/xn7gYHE41ni1AdIRggexSvfedN4.woff2 → 200 (?ms, -815B)
[2026-09-30T20:27:55.967Z] GET http://localhost:8321/?v=5 → 200 (7ms, -187B)
[2026-09-30T20:27:55.979Z] GET https://fonts.googleapis.com/css2?family=Fraunces:ital,opsz,wght,SOFT@0,9..144,300..700,0..100;1,9..144,300..700,0..100&family=Manrope:wght@400..800&display=swap → 200 (?ms, -743B)
[2026-09-30T20:27:55.980Z] GET http://localhost:8321/styles.css → 200 (3ms, -187B)
[2026-09-30T20:27:55.980Z] GET http://localhost:8321/data.js → 200 (?ms, -194B)
[2026-09-30T20:27:55.980Z] GET http://localhost:8321/notify.js → 200 (?ms, -193B)
[2026-09-30T20:27:55.980Z] GET http://localhost:8321/app.js → 200 (16ms, -194B)
[2026-09-30T20:27:55.984Z] GET https://fonts.gstatic.com/s/fraunces/v38/6NUG8FyLNQOQZAnv9ZwNjucMAkn8xNi7emAe9nimTfdtuFo2.woff2 → 200 (?ms, -811B)
[2026-09-30T20:27:55.985Z] GET https://fonts.gstatic.com/s/fraunces/v38/6NUI8FyLNQOQZAnv9bYEvCeYdG9Ea92uemAO8UikR_BPug.woff2 → 200 (?ms, -811B)
[2026-09-30T20:27:55.985Z] GET https://fonts.gstatic.com/s/manrope/v20/xn7gYHE41ni1AdIRggexSvfedN4.woff2 → 200 (1ms, -815B)
[2026-09-30T20:34:27.048Z] GET http://localhost:8321/?a=1 → 200 (50ms, -187B)
[2026-09-30T20:34:27.158Z] GET https://fonts.googleapis.com/css2?family=Fraunces:ital,opsz,wght,SOFT@0,9..144,300..700,0..100;1,9..144,300..700,0..100&family=Manrope:wght@400..800&display=swap → 200 (1ms, -743B)
[2026-09-30T20:34:27.159Z] GET http://localhost:8321/styles.css → 200 (?ms, -187B)
[2026-09-30T20:34:27.159Z] GET http://localhost:8321/data.js → 200 (1ms, -194B)
[2026-09-30T20:34:27.159Z] GET http://localhost:8321/notify.js → 200 (16ms, -193B)
[2026-09-30T20:34:27.159Z] GET http://localhost:8321/app.js → 200 (16ms, -194B)
[2026-09-30T20:34:27.212Z] GET https://fonts.gstatic.com/s/fraunces/v38/6NUG8FyLNQOQZAnv9ZwNjucMAkn8xNi7emAe9nimTfdtuFo2.woff2 → 200 (?ms, -811B)
[2026-09-30T20:34:27.212Z] GET https://fonts.gstatic.com/s/fraunces/v38/6NUI8FyLNQOQZAnv9bYEvCeYdG9Ea92uemAO8UikR_BPug.woff2 → 200 (?ms, -811B)
[2026-09-30T20:34:27.212Z] GET https://fonts.gstatic.com/s/manrope/v20/xn7gYHE41ni1AdIRggexSvfedN4.woff2 → 200 (7ms, -815B)
[2026-09-30T20:34:27.298Z] GET http://localhost:8321/?a=1 → 200 (2ms, -187B)
[2026-09-30T20:34:27.304Z] GET https://fonts.googleapis.com/css2?family=Fraunces:ital,opsz,wght,SOFT@0,9..144,300..700,0..100;1,9..144,300..700,0..100&family=Manrope:wght@400..800&display=swap → 200 (1ms, -743B)
[2026-09-30T20:34:27.305Z] GET http://localhost:8321/styles.css → 200 (?ms, -187B)
[2026-09-30T20:34:27.305Z] GET http://localhost:8321/data.js → 200 (?ms, -194B)
[2026-09-30T20:34:27.309Z] GET http://localhost:8321/notify.js → 200 (?ms, -193B)
[2026-09-30T20:34:27.309Z] GET http://localhost:8321/app.js → 200 (?ms, -194B)
[2026-09-30T20:34:27.317Z] GET https://fonts.gstatic.com/s/fraunces/v38/6NUG8FyLNQOQZAnv9ZwNjucMAkn8xNi7emAe9nimTfdtuFo2.woff2 → 200 (?ms, -811B)
[2026-09-30T20:34:27.317Z] GET https://fonts.gstatic.com/s/fraunces/v38/6NUI8FyLNQOQZAnv9bYEvCeYdG9Ea92uemAO8UikR_BPug.woff2 → 200 (?ms, -811B)
[2026-09-30T20:34:27.317Z] GET https://fonts.gstatic.com/s/manrope/v20/xn7gYHE41ni1AdIRggexSvfedN4.woff2 → 200 (1ms, -815B)
